// Jest Snapshot v1, https://goo.gl/fbAQLP

exports[`expects correct Hue for  1`] = `
Array [
  Object {
    "lightness": 160,
    "value": "#512300",
  },
  Object {
    "lightness": 220,
    "value": "#703101",
  },
  Object {
    "lightness": 290,
    "value": "#934001",
  },
  Object {
    "lightness": 360,
    "value": "#b75001",
  },
  Object {
    "lightness": 420,
    "value": "#d55d01",
  },
  Object {
    "lightness": 490,
    "value": "#f96c01",
  },
  Object {
    "lightness": 560,
    "value": "#fe8020",
  },
  Object {
    "lightness": 620,
    "value": "#fe913e",
  },
  Object {
    "lightness": 690,
    "value": "#fea662",
  },
  Object {
    "lightness": 760,
    "value": "#feba85",
  },
  Object {
    "lightness": 820,
    "value": "#ffcba4",
  },
  Object {
    "lightness": 890,
    "value": "#ffdfc7",
  },
]
`;
